\BOOKMARK [1][-]{section.1}{\376\377\0001\000.\000\040\000L\000o\000g\000i\000k\000,\000\040\000M\000e\000n\000g\000e\000n\000,\000\040\000Z\000a\000h\000l\000e\000n}{}% 1
\BOOKMARK [2][-]{subsection*.1}{\376\377\000L\000o\000g\000i\000k}{section.1}% 2
\BOOKMARK [2][-]{subsection*.8}{\376\377\000M\000e\000n\000g\000e\000n}{section.1}% 3
\BOOKMARK [2][-]{subsection*.12}{\376\377\000Z\000a\000h\000l\000e\000n}{section.1}% 4
\BOOKMARK [2][-]{subsection*.25}{\376\377\000V\000e\000k\000t\000o\000r\000e\000n\000\040\000u\000n\000d\000\040\000V\000e\000k\000t\000o\000r\000r\000\344\000u\000m\000e}{section.1}% 5
\BOOKMARK [2][-]{subsection*.28}{\376\377\000K\000o\000m\000p\000l\000e\000x\000e\000\040\000Z\000a\000h\000l\000e\000n}{section.1}% 6
\BOOKMARK [1][-]{section.2}{\376\377\0002\000.\000\040\000F\000o\000l\000g\000e\000n}{}% 7
\BOOKMARK [1][-]{section.3}{\376\377\0003\000.\000\040\000R\000e\000i\000h\000e\000n}{}% 8
\BOOKMARK [1][-]{section.4}{\376\377\0004\000.\000\040\000F\000u\000n\000k\000t\000i\000o\000n\000e\000n}{}% 9
\BOOKMARK [2][-]{subsection*.92}{\376\377\000K\000o\000n\000z\000e\000p\000t}{section.4}% 10
\BOOKMARK [2][-]{subsection*.108}{\376\377\000G\000r\000e\000n\000z\000w\000e\000r\000t\000e}{section.4}% 11
\BOOKMARK [2][-]{subsection*.112}{\376\377\000E\000l\000e\000m\000e\000n\000t\000a\000r\000e\000\040\000F\000u\000n\000k\000t\000i\000o\000n\000e\000n}{section.4}% 12
\BOOKMARK [2][-]{subsection*.125}{\376\377\000S\000t\000e\000t\000i\000g\000k\000e\000i\000t}{section.4}% 13
\BOOKMARK [1][-]{section.5}{\376\377\0005\000.\000\040\000D\000i\000f\000f\000e\000r\000e\000n\000t\000i\000a\000l\000r\000e\000c\000h\000n\000u\000n\000g}{}% 14
\BOOKMARK [2][-]{subsection*.137}{\376\377\000K\000o\000n\000z\000e\000p\000t}{section.5}% 15
\BOOKMARK [2][-]{subsection*.146}{\376\377\000R\000e\000g\000e\000l\000n\000\040\000u\000n\000d\000\040\000S\000\344\000t\000z\000e}{section.5}% 16
\BOOKMARK [2][-]{subsection*.157}{\376\377\000M\000o\000n\000o\000t\000o\000n\000i\000e\000,\000\040\000K\000o\000n\000v\000e\000x\000i\000t\000\344\000t\000\040\000u\000n\000d\000\040\000K\000o\000n\000k\000a\000v\000i\000t\000\344\000t}{section.5}% 17
\BOOKMARK [2][-]{subsection*.162}{\376\377\000T\000a\000y\000l\000o\000r\000r\000e\000i\000h\000e\000n\000\040\000*}{section.5}% 18
\BOOKMARK [1][-]{section.6}{\376\377\0006\000.\000\040\000D\000i\000f\000f\000e\000r\000e\000n\000t\000i\000a\000l\000g\000l\000e\000i\000c\000h\000u\000n\000g\000e\000n}{}% 19
\BOOKMARK [2][-]{subsection*.168}{\376\377\000T\000e\000i\000l\000\040\0001}{section.6}% 20
\BOOKMARK [2][-]{subsection*.173}{\376\377\000L\000\366\000s\000e\000n\000\040\000e\000i\000n\000e\000r\000\040\000l\000i\000n\000e\000a\000r\000e\000n\000,\000\040\000h\000o\000m\000o\000g\000e\000n\000e\000n\000\040\000D\000G}{section.6}% 21
\BOOKMARK [2][-]{subsection*.174}{\376\377\000A\000u\000f\000s\000t\000e\000l\000l\000e\000n\000\040\000v\000o\000n\000\040\000D\000i\000f\000f\000e\000r\000e\000n\000t\000i\000a\000l\000g\000l\000e\000i\000c\000h\000u\000n\000g\000e\000n}{section.6}% 22
\BOOKMARK [3][-]{subsubsection*.175}{\376\377\000T\000y\000p\000i\000s\000c\000h\000e\000\040\000S\000i\000t\000u\000a\000t\000i\000o\000n}{subsection*.174}% 23
\BOOKMARK [3][-]{subsubsection*.176}{\376\377\000M\000e\000c\000h\000a\000n\000i\000s\000c\000h\000e\000\040\000P\000r\000o\000b\000l\000e\000m\000e}{subsection*.174}% 24
\BOOKMARK [2][-]{subsection*.177}{\376\377\000T\000e\000i\000l\000\040\0002}{section.6}% 25
\BOOKMARK [3][-]{subsubsection*.186}{\376\377\000A\000n\000s\000\344\000t\000z\000e\000\040\000f\000\374\000r\000\040\000d\000i\000e\000\040\000p\000a\000r\000t\000i\000k\000u\000l\000\344\000r\000e\000\040\000L\000\366\000s\000u\000n\000g}{subsection*.177}% 26
\BOOKMARK [1][-]{section.7}{\376\377\0006\000.\000\040\000I\000n\000t\000e\000g\000r\000a\000l\000r\000e\000c\000h\000n\000u\000n\000g}{}% 27
\BOOKMARK [2][-]{subsection*.190}{\376\377\000S\000t\000a\000m\000m\000f\000u\000n\000k\000t\000i\000o\000n\000,\000\040\000u\000n\000b\000e\000s\000t\000i\000m\000m\000t\000e\000s\000\040\000I\000n\000t\000e\000g\000r\000a\000l}{section.7}% 28
\BOOKMARK [2][-]{subsection*.200}{\376\377\000B\000e\000s\000t\000i\000m\000m\000t\000e\000s\000\040\000I\000n\000t\000e\000g\000r\000a\000l\000\040\000\050\000R\000i\000e\000m\000a\000n\000n\000-\000I\000n\000t\000e\000g\000r\000a\000l\000\051}{section.7}% 29
\BOOKMARK [1][-]{section.8}{\376\377\0008\000.\000\040\000B\000e\000i\000s\000p\000i\000e\000l\000e\000\040\000*}{}% 30
\BOOKMARK [2][-]{subsection*.223}{\376\377\000G\000r\000e\000n\000z\000w\000e\000r\000t\000e}{section.8}% 31
\BOOKMARK [2][-]{subsection*.225}{\376\377\000D\000i\000f\000f\000e\000r\000e\000n\000t\000i\000a\000l\000g\000l\000e\000i\000c\000h\000u\000n\000g\000e\000n}{section.8}% 32
\BOOKMARK [2][-]{subsection*.231}{\376\377\000I\000n\000t\000e\000g\000r\000a\000t\000i\000o\000n}{section.8}% 33
\BOOKMARK [2][-]{subsection*.236}{\376\377\000M\000i\000s\000c}{section.8}% 34
\BOOKMARK [1][-]{section.9}{\376\377\0009\000.\000\040\000B\000e\000w\000e\000i\000s\000e\000\040\000*}{}% 35
\BOOKMARK [2][-]{subsection*.238}{\376\377\000Z\000a\000h\000l\000e\000n}{section.9}% 36
\BOOKMARK [2][-]{subsection*.240}{\376\377\000R\000e\000i\000h\000e\000n}{section.9}% 37
\BOOKMARK [2][-]{subsection*.242}{\376\377\000F\000u\000n\000k\000t\000i\000o\000n\000e\000n}{section.9}% 38
\BOOKMARK [2][-]{subsection*.244}{\376\377\000D\000i\000f\000f\000e\000r\000e\000n\000t\000i\000a\000l\000r\000e\000c\000h\000n\000u\000n\000g}{section.9}% 39
\BOOKMARK [2][-]{subsection*.248}{\376\377\000I\000n\000t\000e\000g\000r\000a\000l\000r\000e\000c\000h\000n\000u\000n\000g}{section.9}% 40
\BOOKMARK [1][-]{section.10}{\376\377\0001\0000\000.\000\040\000T\000a\000b\000e\000l\000l\000e\000n\000\040\000u\000n\000d\000\040\000G\000r\000a\000p\000h\000e\000n\000\040\000*}{}% 41
